// Jest Snapshot v1, https://goo.gl/fbAQLP

exports[`testing for App Section page component 1`] = `
<section
  className="section-gap-half"
>
  <div
    className="container jumbotron"
    style={
      Object {
        "borderRadius": "0",
      }
    }
  >
    <div
      className="row align-items-center"
    >
      <div
        className="col-lg-4 about-left"
      >
        <img
          alt=""
          className="img-fluid"
          src="/assets/images/application.png"
        />
      </div>
      <div
        className="col-lg-8 about-right"
      >
        <h1>
          The Best Food Delivery App
        </h1>
        <h4
          style={
            Object {
              "fontWeight": "normal",
              "marginTop": "3%",
            }
          }
        >
          Now you can make food happen pretty much wherever you are thanks to the free easy-to-use Food Delivery.
        </h4>
        <div
          style={
            Object {
              "marginTop": "2%",
            }
          }
        >
          <a
            href="https://play.google.com/store/apps/details?id=com.saddacampus.app"
            style={
              Object {
                "cursor": "pointer",
              }
            }
          >
            <img
              alt=""
              className="img-fluid"
              src="/assets/images/google-play-badge.png"
              style={
                Object {
                  "maxWidth": "40%",
                }
              }
            />
          </a>
        </div>
      </div>
    </div>
  </div>
</section>
`;
