// Jest Snapshot v1, https://goo.gl/fbAQLP

exports[`should render Blog component with props 1`] = `
<div
  className="col-lg-6"
>
  <div
    className="single-latest-blog"
  >
    <div
      className="thumb"
    >
      <img
        alt=""
        className="img-fluid"
        src="./assets/images/coffee.PNG"
      />
    </div>
    <ul
      className="tags"
    >
      <li>
        <a
          href="#"
        >
          Food
        </a>
      </li>
      <li>
        <a
          href="#"
        >
          One.0
        </a>
      </li>
    </ul>
    <a
      href="#"
    >
      <h4>
        Lorem ipsum dolor sit amet
      </h4>
    </a>
    <p>
      Lorem ipsum dolor sit amet, consectetur adipisicing elit, sed do eiusmod tempor incididunt ut labore  et dolore.
    </p>
    <p
      className="date"
    >
      31st January, 2018
    </p>
  </div>
</div>
`;
